Component: ARM Compiler 5.06 update 3 (build 300) Tool: armlink [4d35c9]

==============================================================================

Section Cross References

    startup_stm32f407xx.o(RESET) refers to startup_stm32f407xx.o(STACK) for __initial_sp
    startup_stm32f407xx.o(RESET) refers to startup_stm32f407xx.o(.text) for Reset_Handler
    startup_stm32f407xx.o(.text) refers to main.o(i.SystemInit) for SystemInit
    startup_stm32f407xx.o(.text) refers to entry.o(.ARM.Collect$$$$00000000) for __main
    main.o(i.BellAlert) refers to main.o(i.usart_send_blocking) for usart_send_blocking
    main.o(i.BellAlert) refers to main.o(i.mSec) for mSec
    main.o(i.BellAlert) refers to main.o(.data) for .data
    main.o(i.BlockNormal) refers to main.o(i.Command) for Command
    main.o(i.BlockNormal) refers to main.o(i.LCD_Send_string_Line2) for LCD_Send_string_Line2
    main.o(i.BlockNormal) refers to main.o(.data) for .data
    main.o(i.CCC0IO_Init) refers to main.o(i.uSec) for uSec
    main.o(i.CPUxIO_Init) refers to main.o(i.uSec) for uSec
    main.o(i.Command) refers to main.o(i.ErrorHandle) for ErrorHandle
    main.o(i.Command) refers to main.o(i.twoOOthree) for twoOOthree
    main.o(i.Command) refers to main.o(i.uSec) for uSec
    main.o(i.Command) refers to main.o(i.SPI_SendRecv) for SPI_SendRecv
    main.o(i.Command_to_CPUx) refers to main.o(i.ErrorHandle) for ErrorHandle
    main.o(i.Command_to_CPUx) refers to main.o(i.uSec) for uSec
    main.o(i.Command_to_CPUx) refers to main.o(i.SPI_SendRecvBuf) for SPI_SendRecvBuf
    main.o(i.ErrorHandle) refers to main.o(i.LCD_Send_string_Line2) for LCD_Send_string_Line2
    main.o(i.I2C_Init) refers to main.o(i.uSec) for uSec
    main.o(i.I2C_Start) refers to main.o(i.mSec) for mSec
    main.o(i.I2C_Stop) refers to main.o(i.mSec) for mSec
    main.o(i.I2C_Write) refers to main.o(i.mSec) for mSec
    main.o(i.IdentifyBoard) refers to main.o(i.uSec) for uSec
    main.o(i.LCD_BacklightOFF) refers to main.o(i.I2C_Start) for I2C_Start
    main.o(i.LCD_BacklightOFF) refers to main.o(i.I2C_Write) for I2C_Write
    main.o(i.LCD_BacklightOFF) refers to main.o(i.I2C_Stop) for I2C_Stop
    main.o(i.LCD_BacklightON) refers to main.o(i.I2C_Start) for I2C_Start
    main.o(i.LCD_BacklightON) refers to main.o(i.I2C_Write) for I2C_Write
    main.o(i.LCD_BacklightON) refers to main.o(i.I2C_Stop) for I2C_Stop
    main.o(i.LCD_Clear) refers to main.o(i.LCD_Send_cmd) for LCD_Send_cmd
    main.o(i.LCD_Clear) refers to main.o(i.mSec) for mSec
    main.o(i.LCD_Init) refers to main.o(i.mSec) for mSec
    main.o(i.LCD_Init) refers to main.o(i.LCD_Send_cmd) for LCD_Send_cmd
    main.o(i.LCD_Init) refers to main.o(i.uSec) for uSec
    main.o(i.LCD_Send_cmd) refers to main.o(i.I2C_Start) for I2C_Start
    main.o(i.LCD_Send_cmd) refers to main.o(i.I2C_Write) for I2C_Write
    main.o(i.LCD_Send_cmd) refers to main.o(i.I2C_Stop) for I2C_Stop
    main.o(i.LCD_Send_data) refers to main.o(i.I2C_Start) for I2C_Start
    main.o(i.LCD_Send_data) refers to main.o(i.I2C_Write) for I2C_Write
    main.o(i.LCD_Send_data) refers to main.o(i.I2C_Stop) for I2C_Stop
    main.o(i.LCD_Send_string) refers to main.o(i.LCD_Send_data) for LCD_Send_data
    main.o(i.LCD_Send_string_Line1) refers to main.o(i.uSec) for uSec
    main.o(i.LCD_Send_string_Line1) refers to main.o(i.LCD_Send_cmd) for LCD_Send_cmd
    main.o(i.LCD_Send_string_Line1) refers to main.o(i.LCD_Send_data) for LCD_Send_data
    main.o(i.LCD_Send_string_Line1) refers to main.o(i.LCD_BacklightON) for LCD_BacklightON
    main.o(i.LCD_Send_string_Line2) refers to main.o(i.uSec) for uSec
    main.o(i.LCD_Send_string_Line2) refers to main.o(i.LCD_Send_cmd) for LCD_Send_cmd
    main.o(i.LCD_Send_string_Line2) refers to main.o(i.LCD_Send_data) for LCD_Send_data
    main.o(i.LCD_Send_string_Line2) refers to main.o(i.LCD_BacklightON) for LCD_BacklightON
    main.o(i.LinkOK) refers to main.o(i.LCD_Send_string_Line1) for LCD_Send_string_Line1
    main.o(i.LinkOK) refers to main.o(i.usart_send_blocking) for usart_send_blocking
    main.o(i.LinkOK) refers to main.o(i.mSec) for mSec
    main.o(i.LinkOK) refers to main.o(i.usart_recv_blocking) for usart_recv_blocking
    main.o(i.LinkOK) refers to main.o(i.LCD_Send_string_Line2) for LCD_Send_string_Line2
    main.o(i.LinkOK) refers to main.o(i.Command) for Command
    main.o(i.LinkOK) refers to main.o(.data) for .data
    main.o(i.PowerOK) refers to main.o(i.Command) for Command
    main.o(i.PowerOK) refers to main.o(i.twoOOthree) for twoOOthree
    main.o(i.PowerOK) refers to main.o(i.LCD_Send_string_Line2) for LCD_Send_string_Line2
    main.o(i.PowerOK) refers to main.o(.data) for .data
    main.o(i.Respond) refers to main.o(i.statusGPIO) for statusGPIO
    main.o(i.Respond) refers to main.o(i.SPI_SendRecv) for SPI_SendRecv
    main.o(i.Respond) refers to main.o(i.twoOOthree) for twoOOthree
    main.o(i.Respond) refers to main.o(i.ErrorHandle) for ErrorHandle
    main.o(i.Respond_from_CPUx) refers to main.o(i.statusGPIO) for statusGPIO
    main.o(i.Respond_from_CPUx) refers to main.o(i.SPI_SendRecvBuf) for SPI_SendRecvBuf
    main.o(i.Respond_from_CPUx) refers to main.o(i.twoOOthree) for twoOOthree
    main.o(i.Respond_from_CPUx) refers to main.o(i.ErrorHandle) for ErrorHandle
    main.o(i.SystemInit) refers to main.o(i.uSec) for uSec
    main.o(i.UART2_Init) refers to main.o(i.uSec) for uSec
    main.o(i.displayGPIO) refers to main.o(i.LCD_Send_string_Line1) for LCD_Send_string_Line1
    main.o(i.displayGPIO) refers to main.o(i.LCD_Send_string_Line2) for LCD_Send_string_Line2
    main.o(i.main) refers to main.o(i.SystemInit) for SystemInit
    main.o(i.main) refers to main.o(i.IdentifyBoard) for IdentifyBoard
    main.o(i.main) refers to main.o(i.I2C_Init) for I2C_Init
    main.o(i.main) refers to main.o(i.CCC0IO_Init) for CCC0IO_Init
    main.o(i.main) refers to main.o(i.SPI_MasterInit) for SPI_MasterInit
    main.o(i.main) refers to main.o(i.UART2_Init) for UART2_Init
    main.o(i.main) refers to main.o(i.LCD_Init) for LCD_Init
    main.o(i.main) refers to main.o(i.LCD_Send_string_Line1) for LCD_Send_string_Line1
    main.o(i.main) refers to main.o(i.LCD_Send_string_Line2) for LCD_Send_string_Line2
    main.o(i.main) refers to main.o(i.mSec) for mSec
    main.o(i.main) refers to main.o(i.PowerOK) for PowerOK
    main.o(i.main) refers to main.o(i.BlockNormal) for BlockNormal
    main.o(i.main) refers to main.o(i.LinkOK) for LinkOK
    main.o(i.main) refers to main.o(i.Command) for Command
    main.o(i.main) refers to main.o(i.twoOOthree) for twoOOthree
    main.o(i.main) refers to main.o(i.usart_recv_blocking) for usart_recv_blocking
    main.o(i.main) refers to main.o(i.BellAlert) for BellAlert
    main.o(i.main) refers to main.o(i.usart_send_blocking) for usart_send_blocking
    main.o(i.main) refers to main.o(.data) for .data
    main.o(i.main) refers to main.o(i.CPUxIO_Init) for CPUxIO_Init
    main.o(i.main) refers to main.o(i.SPI_SlaveInit) for SPI_SlaveInit
    main.o(i.main) refers to main.o(i.Respond) for Respond
    main.o(i.testCode) refers to main.o(i.LCD_Send_string_Line1) for LCD_Send_string_Line1
    main.o(i.testCode) refers to main.o(i.LCD_Send_string_Line2) for LCD_Send_string_Line2
    main.o(i.testCode) refers to main.o(.data) for .data
    entry.o(.ARM.Collect$$$$00000000) refers (Special) to entry10a.o(.ARM.Collect$$$$0000000D) for __rt_final_cpp
    entry.o(.ARM.Collect$$$$00000000) refers (Special) to entry11a.o(.ARM.Collect$$$$0000000F) for __rt_final_exit
    entry.o(.ARM.Collect$$$$00000000) refers (Special) to entry7b.o(.ARM.Collect$$$$00000008) for _main_clock
    entry.o(.ARM.Collect$$$$00000000) refers (Special) to entry8b.o(.ARM.Collect$$$$0000000A) for _main_cpp_init
    entry.o(.ARM.Collect$$$$00000000) refers (Special) to entry9a.o(.ARM.Collect$$$$0000000B) for _main_init
    entry.o(.ARM.Collect$$$$00000000) refers (Special) to entry5.o(.ARM.Collect$$$$00000004) for _main_scatterload
    entry.o(.ARM.Collect$$$$00000000) refers (Special) to entry2.o(.ARM.Collect$$$$00000001) for _main_stk
    entry2.o(.ARM.Collect$$$$00000001) refers to entry2.o(.ARM.Collect$$$$00002712) for __lit__00000000
    entry2.o(.ARM.Collect$$$$00002712) refers to startup_stm32f407xx.o(STACK) for __initial_sp
    entry2.o(__vectab_stack_and_reset_area) refers to startup_stm32f407xx.o(STACK) for __initial_sp
    entry2.o(__vectab_stack_and_reset_area) refers to entry.o(.ARM.Collect$$$$00000000) for __main
    entry5.o(.ARM.Collect$$$$00000004) refers to init.o(.text) for __scatterload
    entry9a.o(.ARM.Collect$$$$0000000B) refers to main.o(i.main) for main
    entry9b.o(.ARM.Collect$$$$0000000C) refers to main.o(i.main) for main
    init.o(.text) refers to entry5.o(.ARM.Collect$$$$00000004) for __main_after_scatterload


==============================================================================

Removing Unused input sections from the image.

    Removing startup_stm32f407xx.o(HEAP), (512 bytes).
    Removing main.o(i.Command_to_CPUx), (244 bytes).
    Removing main.o(i.LCD_BacklightOFF), (26 bytes).
    Removing main.o(i.LCD_Clear), (18 bytes).
    Removing main.o(i.LCD_Send_string), (20 bytes).
    Removing main.o(i.Respond_from_CPUx), (352 bytes).
    Removing main.o(i.SPI_SendRecvBuf), (48 bytes).
    Removing main.o(i.displayGPIO), (156 bytes).
    Removing main.o(i.testCode), (128 bytes).
    Removing main.o(i.twoOOthree32), (34 bytes).
    Removing main.o(.constdata), (1 bytes).
    Removing main.o(.constdata), (1 bytes).
    Removing main.o(.constdata), (1 bytes).
    Removing main.o(.constdata), (1 bytes).
    Removing main.o(.constdata), (1 bytes).
    Removing main.o(.constdata), (1 bytes).
    Removing main.o(.constdata), (1 bytes).
    Removing main.o(.constdata), (1 bytes).
    Removing main.o(.constdata), (1 bytes).
    Removing main.o(.constdata), (1 bytes).
    Removing main.o(.constdata), (1 bytes).
    Removing main.o(.constdata), (1 bytes).
    Removing main.o(.constdata), (1 bytes).
    Removing main.o(.constdata), (1 bytes).
    Removing main.o(.constdata), (1 bytes).
    Removing main.o(.constdata), (1 bytes).
    Removing main.o(.constdata), (1 bytes).
    Removing main.o(.constdata), (1 bytes).
    Removing main.o(.constdata), (1 bytes).
    Removing main.o(.constdata), (1 bytes).
    Removing main.o(.constdata), (1 bytes).
    Removing main.o(.constdata), (1 bytes).
    Removing main.o(.constdata), (1 bytes).
    Removing main.o(.constdata), (1 bytes).
    Removing main.o(.constdata), (1 bytes).
    Removing main.o(.constdata), (1 bytes).
    Removing main.o(.constdata), (1 bytes).
    Removing main.o(.constdata), (1 bytes).
    Removing main.o(.constdata), (1 bytes).
    Removing main.o(.constdata), (1 bytes).
    Removing main.o(.constdata), (1 bytes).
    Removing main.o(.constdata), (1 bytes).
    Removing main.o(.constdata), (1 bytes).
    Removing main.o(.constdata), (1 bytes).
    Removing main.o(.constdata), (1 bytes).
    Removing main.o(.data), (2 bytes).
    Removing main.o(.data), (4 bytes).
    Removing main.o(.data), (1 bytes).

48 unused section(s) (total 1580 bytes) removed from the image.

==============================================================================

Image Symbol Table

    Local Symbols

    Symbol Name                              Value     Ov Type        Size  Object(Section)

    ../Src/main.c                            0x00000000   Number         0  main.o ABSOLUTE
    ../clib/microlib/init/entry.s            0x00000000   Number         0  entry.o ABSOLUTE
    ../clib/microlib/init/entry.s            0x00000000   Number         0  entry5.o ABSOLUTE
    ../clib/microlib/init/entry.s            0x00000000   Number         0  entry2.o ABSOLUTE
    ../clib/microlib/init/entry.s            0x00000000   Number         0  entry7a.o ABSOLUTE
    ../clib/microlib/init/entry.s            0x00000000   Number         0  entry7b.o ABSOLUTE
    ../clib/microlib/init/entry.s            0x00000000   Number         0  entry11a.o ABSOLUTE
    ../clib/microlib/init/entry.s            0x00000000   Number         0  entry8a.o ABSOLUTE
    ../clib/microlib/init/entry.s            0x00000000   Number         0  entry11b.o ABSOLUTE
    ../clib/microlib/init/entry.s            0x00000000   Number         0  entry8b.o ABSOLUTE
    ../clib/microlib/init/entry.s            0x00000000   Number         0  entry10b.o ABSOLUTE
    ../clib/microlib/init/entry.s            0x00000000   Number         0  entry9a.o ABSOLUTE
    ../clib/microlib/init/entry.s            0x00000000   Number         0  entry10a.o ABSOLUTE
    ../clib/microlib/init/entry.s            0x00000000   Number         0  entry9b.o ABSOLUTE
    dc.s                                     0x00000000   Number         0  dc.o ABSOLUTE
    handlers.s                               0x00000000   Number         0  handlers.o ABSOLUTE
    init.s                                   0x00000000   Number         0  init.o ABSOLUTE
    startup_stm32f407xx.s                    0x00000000   Number         0  startup_stm32f407xx.o ABSOLUTE
    RESET                                    0x08000000   Section      392  startup_stm32f407xx.o(RESET)
    .ARM.Collect$$$$00000000                 0x08000188   Section        0  entry.o(.ARM.Collect$$$$00000000)
    .ARM.Collect$$$$00000001                 0x08000188   Section        4  entry2.o(.ARM.Collect$$$$00000001)
    .ARM.Collect$$$$00000004                 0x0800018c   Section        4  entry5.o(.ARM.Collect$$$$00000004)
    .ARM.Collect$$$$00000008                 0x08000190   Section        0  entry7b.o(.ARM.Collect$$$$00000008)
    .ARM.Collect$$$$0000000A                 0x08000190   Section        0  entry8b.o(.ARM.Collect$$$$0000000A)
    .ARM.Collect$$$$0000000B                 0x08000190   Section        8  entry9a.o(.ARM.Collect$$$$0000000B)
    .ARM.Collect$$$$0000000D                 0x08000198   Section        0  entry10a.o(.ARM.Collect$$$$0000000D)
    .ARM.Collect$$$$0000000F                 0x08000198   Section        0  entry11a.o(.ARM.Collect$$$$0000000F)
    .ARM.Collect$$$$00002712                 0x08000198   Section        4  entry2.o(.ARM.Collect$$$$00002712)
    __lit__00000000                          0x08000198   Data           4  entry2.o(.ARM.Collect$$$$00002712)
    .text                                    0x0800019c   Section       36  startup_stm32f407xx.o(.text)
    $v0                                      0x0800019c   Number         0  startup_stm32f407xx.o(.text)
    .text                                    0x080001c0   Section       36  init.o(.text)
    i.BellAlert                              0x080001e4   Section        0  main.o(i.BellAlert)
    i.BlockNormal                            0x08000200   Section        0  main.o(i.BlockNormal)
    i.CCC0IO_Init                            0x080002b4   Section        0  main.o(i.CCC0IO_Init)
    i.CPUxIO_Init                            0x08000460   Section        0  main.o(i.CPUxIO_Init)
    i.Command                                0x080005b0   Section        0  main.o(i.Command)
    i.ErrorHandle                            0x0800072c   Section        0  main.o(i.ErrorHandle)
    i.I2C_Init                               0x08000738   Section        0  main.o(i.I2C_Init)
    i.I2C_Start                              0x080007e0   Section        0  main.o(i.I2C_Start)
    i.I2C_Stop                               0x08000820   Section        0  main.o(i.I2C_Stop)
    i.I2C_Write                              0x08000860   Section        0  main.o(i.I2C_Write)
    i.IdentifyBoard                          0x080008c4   Section        0  main.o(i.IdentifyBoard)
    i.LCD_BacklightON                        0x08000920   Section        0  main.o(i.LCD_BacklightON)
    i.LCD_Init                               0x0800093a   Section        0  main.o(i.LCD_Init)
    i.LCD_Send_cmd                           0x0800099a   Section        0  main.o(i.LCD_Send_cmd)
    i.LCD_Send_data                          0x080009d6   Section        0  main.o(i.LCD_Send_data)
    i.LCD_Send_string_Line1                  0x08000a1c   Section        0  main.o(i.LCD_Send_string_Line1)
    i.LCD_Send_string_Line2                  0x08000ac0   Section        0  main.o(i.LCD_Send_string_Line2)
    i.LinkOK                                 0x08000b64   Section        0  main.o(i.LinkOK)
    i.PowerOK                                0x08000c48   Section        0  main.o(i.PowerOK)
    i.Respond                                0x08000cc8   Section        0  main.o(i.Respond)
    i.SPI_MasterInit                         0x08000e2c   Section        0  main.o(i.SPI_MasterInit)
    i.SPI_SendRecv                           0x08000ebc   Section        0  main.o(i.SPI_SendRecv)
    i.SPI_SlaveInit                          0x08000edc   Section        0  main.o(i.SPI_SlaveInit)
    i.SystemInit                             0x08000f6c   Section        0  main.o(i.SystemInit)
    i.UART2_Init                             0x08000fd0   Section        0  main.o(i.UART2_Init)
    i.__scatterload_copy                     0x08001114   Section       14  handlers.o(i.__scatterload_copy)
    i.__scatterload_null                     0x08001122   Section        2  handlers.o(i.__scatterload_null)
    i.__scatterload_zeroinit                 0x08001124   Section       14  handlers.o(i.__scatterload_zeroinit)
    i.mSec                                   0x08001132   Section        0  main.o(i.mSec)
    i.main                                   0x08001144   Section        0  main.o(i.main)
    i.statusGPIO                             0x08001c78   Section        0  main.o(i.statusGPIO)
    i.twoOOthree                             0x08001de8   Section        0  main.o(i.twoOOthree)
    i.uSec                                   0x08001e08   Section        0  main.o(i.uSec)
    i.usart_recv_blocking                    0x08001e14   Section        0  main.o(i.usart_recv_blocking)
    i.usart_send_blocking                    0x08001e2c   Section        0  main.o(i.usart_send_blocking)
    .data                                    0x20000000   Section       56  main.o(.data)
    STACK                                    0x20000038   Section     1024  startup_stm32f407xx.o(STACK)

    Global Symbols

    Symbol Name                              Value     Ov Type        Size  Object(Section)

    BuildAttributes$$THM_ISAv4$E$P$D$K$B$S$7EM$VFPi3$EXTD16$VFPS$VFMA$PE$A:L22UL41UL21$X:L11$S22US41US21$IEEE1$IW$USESV6$~STKCKD$USESV7$~SHL$OSPACE$EBA8$MICROLIB$REQ8$PRES8$EABIv2 0x00000000   Number         0  anon$$obj.o ABSOLUTE
    __ARM_use_no_argv                        0x00000000   Number         0  main.o ABSOLUTE
    __cpp_initialize__aeabi_                  - Undefined Weak Reference
    __cxa_finalize                            - Undefined Weak Reference
    __decompress                              - Undefined Weak Reference
    _clock_init                               - Undefined Weak Reference
    _microlib_exit                            - Undefined Weak Reference
    __Vectors_Size                           0x00000188   Number         0  startup_stm32f407xx.o ABSOLUTE
    __Vectors                                0x08000000   Data           4  startup_stm32f407xx.o(RESET)
    __Vectors_End                            0x08000188   Data           0  startup_stm32f407xx.o(RESET)
    __main                                   0x08000189   Thumb Code     0  entry.o(.ARM.Collect$$$$00000000)
    _main_stk                                0x08000189   Thumb Code     0  entry2.o(.ARM.Collect$$$$00000001)
    _main_scatterload                        0x0800018d   Thumb Code     0  entry5.o(.ARM.Collect$$$$00000004)
    __main_after_scatterload                 0x08000191   Thumb Code     0  entry5.o(.ARM.Collect$$$$00000004)
    _main_clock                              0x08000191   Thumb Code     0  entry7b.o(.ARM.Collect$$$$00000008)
    _main_cpp_init                           0x08000191   Thumb Code     0  entry8b.o(.ARM.Collect$$$$0000000A)
    _main_init                               0x08000191   Thumb Code     0  entry9a.o(.ARM.Collect$$$$0000000B)
    __rt_final_cpp                           0x08000199   Thumb Code     0  entry10a.o(.ARM.Collect$$$$0000000D)
    __rt_final_exit                          0x08000199   Thumb Code     0  entry11a.o(.ARM.Collect$$$$0000000F)
    Reset_Handler                            0x0800019d   Thumb Code     8  startup_stm32f407xx.o(.text)
    NMI_Handler                              0x080001a5   Thumb Code     2  startup_stm32f407xx.o(.text)
    HardFault_Handler                        0x080001a7   Thumb Code     2  startup_stm32f407xx.o(.text)
    MemManage_Handler                        0x080001a9   Thumb Code     2  startup_stm32f407xx.o(.text)
    BusFault_Handler                         0x080001ab   Thumb Code     2  startup_stm32f407xx.o(.text)
    UsageFault_Handler                       0x080001ad   Thumb Code     2  startup_stm32f407xx.o(.text)
    SVC_Handler                              0x080001af   Thumb Code     2  startup_stm32f407xx.o(.text)
    DebugMon_Handler                         0x080001b1   Thumb Code     2  startup_stm32f407xx.o(.text)
    PendSV_Handler                           0x080001b3   Thumb Code     2  startup_stm32f407xx.o(.text)
    SysTick_Handler                          0x080001b5   Thumb Code     2  startup_stm32f407xx.o(.text)
    ADC_IRQHandler                           0x080001b7   Thumb Code     0  startup_stm32f407xx.o(.text)
    CAN1_RX0_IRQHandler                      0x080001b7   Thumb Code     0  startup_stm32f407xx.o(.text)
    CAN1_RX1_IRQHandler                      0x080001b7   Thumb Code     0  startup_stm32f407xx.o(.text)
    CAN1_SCE_IRQHandler                      0x080001b7   Thumb Code     0  startup_stm32f407xx.o(.text)
    CAN1_TX_IRQHandler                       0x080001b7   Thumb Code     0  startup_stm32f407xx.o(.text)
    CAN2_RX0_IRQHandler                      0x080001b7   Thumb Code     0  startup_stm32f407xx.o(.text)
    CAN2_RX1_IRQHandler                      0x080001b7   Thumb Code     0  startup_stm32f407xx.o(.text)
    CAN2_SCE_IRQHandler                      0x080001b7   Thumb Code     0  startup_stm32f407xx.o(.text)
    CAN2_TX_IRQHandler                       0x080001b7   Thumb Code     0  startup_stm32f407xx.o(.text)
    DCMI_IRQHandler                          0x080001b7   Thumb Code     0  startup_stm32f407xx.o(.text)
    DMA1_Stream0_IRQHandler                  0x080001b7   Thumb Code     0  startup_stm32f407xx.o(.text)
    DMA1_Stream1_IRQHandler                  0x080001b7   Thumb Code     0  startup_stm32f407xx.o(.text)
    DMA1_Stream2_IRQHandler                  0x080001b7   Thumb Code     0  startup_stm32f407xx.o(.text)
    DMA1_Stream3_IRQHandler                  0x080001b7   Thumb Code     0  startup_stm32f407xx.o(.text)
    DMA1_Stream4_IRQHandler                  0x080001b7   Thumb Code     0  startup_stm32f407xx.o(.text)
    DMA1_Stream5_IRQHandler                  0x080001b7   Thumb Code     0  startup_stm32f407xx.o(.text)
    DMA1_Stream6_IRQHandler                  0x080001b7   Thumb Code     0  startup_stm32f407xx.o(.text)
    DMA1_Stream7_IRQHandler                  0x080001b7   Thumb Code     0  startup_stm32f407xx.o(.text)
    DMA2_Stream0_IRQHandler                  0x080001b7   Thumb Code     0  startup_stm32f407xx.o(.text)
    DMA2_Stream1_IRQHandler                  0x080001b7   Thumb Code     0  startup_stm32f407xx.o(.text)
    DMA2_Stream2_IRQHandler                  0x080001b7   Thumb Code     0  startup_stm32f407xx.o(.text)
    DMA2_Stream3_IRQHandler                  0x080001b7   Thumb Code     0  startup_stm32f407xx.o(.text)
    DMA2_Stream4_IRQHandler                  0x080001b7   Thumb Code     0  startup_stm32f407xx.o(.text)
    DMA2_Stream5_IRQHandler                  0x080001b7   Thumb Code     0  startup_stm32f407xx.o(.text)
    DMA2_Stream6_IRQHandler                  0x080001b7   Thumb Code     0  startup_stm32f407xx.o(.text)
    DMA2_Stream7_IRQHandler                  0x080001b7   Thumb Code     0  startup_stm32f407xx.o(.text)
    ETH_IRQHandler                           0x080001b7   Thumb Code     0  startup_stm32f407xx.o(.text)
    ETH_WKUP_IRQHandler                      0x080001b7   Thumb Code     0  startup_stm32f407xx.o(.text)
    EXTI0_IRQHandler                         0x080001b7   Thumb Code     0  startup_stm32f407xx.o(.text)
    EXTI15_10_IRQHandler                     0x080001b7   Thumb Code     0  startup_stm32f407xx.o(.text)
    EXTI1_IRQHandler                         0x080001b7   Thumb Code     0  startup_stm32f407xx.o(.text)
    EXTI2_IRQHandler                         0x080001b7   Thumb Code     0  startup_stm32f407xx.o(.text)
    EXTI3_IRQHandler                         0x080001b7   Thumb Code     0  startup_stm32f407xx.o(.text)
    EXTI4_IRQHandler                         0x080001b7   Thumb Code     0  startup_stm32f407xx.o(.text)
    EXTI9_5_IRQHandler                       0x080001b7   Thumb Code     0  startup_stm32f407xx.o(.text)
    FLASH_IRQHandler                         0x080001b7   Thumb Code     0  startup_stm32f407xx.o(.text)
    FMC_IRQHandler                           0x080001b7   Thumb Code     0  startup_stm32f407xx.o(.text)
    FPU_IRQHandler                           0x080001b7   Thumb Code     0  startup_stm32f407xx.o(.text)
    HASH_RNG_IRQHandler                      0x080001b7   Thumb Code     0  startup_stm32f407xx.o(.text)
    I2C1_ER_IRQHandler                       0x080001b7   Thumb Code     0  startup_stm32f407xx.o(.text)
    I2C1_EV_IRQHandler                       0x080001b7   Thumb Code     0  startup_stm32f407xx.o(.text)
    I2C2_ER_IRQHandler                       0x080001b7   Thumb Code     0  startup_stm32f407xx.o(.text)
    I2C2_EV_IRQHandler                       0x080001b7   Thumb Code     0  startup_stm32f407xx.o(.text)
    I2C3_ER_IRQHandler                       0x080001b7   Thumb Code     0  startup_stm32f407xx.o(.text)
    I2C3_EV_IRQHandler                       0x080001b7   Thumb Code     0  startup_stm32f407xx.o(.text)
    OTG_FS_IRQHandler                        0x080001b7   Thumb Code     0  startup_stm32f407xx.o(.text)
    OTG_FS_WKUP_IRQHandler                   0x080001b7   Thumb Code     0  startup_stm32f407xx.o(.text)
    OTG_HS_EP1_IN_IRQHandler                 0x080001b7   Thumb Code     0  startup_stm32f407xx.o(.text)
    OTG_HS_EP1_OUT_IRQHandler                0x080001b7   Thumb Code     0  startup_stm32f407xx.o(.text)
    OTG_HS_IRQHandler                        0x080001b7   Thumb Code     0  startup_stm32f407xx.o(.text)
    OTG_HS_WKUP_IRQHandler                   0x080001b7   Thumb Code     0  startup_stm32f407xx.o(.text)
    PVD_IRQHandler                           0x080001b7   Thumb Code     0  startup_stm32f407xx.o(.text)
    RCC_IRQHandler                           0x080001b7   Thumb Code     0  startup_stm32f407xx.o(.text)
    RTC_Alarm_IRQHandler                     0x080001b7   Thumb Code     0  startup_stm32f407xx.o(.text)
    RTC_WKUP_IRQHandler                      0x080001b7   Thumb Code     0  startup_stm32f407xx.o(.text)
    SDIO_IRQHandler                          0x080001b7   Thumb Code     0  startup_stm32f407xx.o(.text)
    SPI1_IRQHandler                          0x080001b7   Thumb Code     0  startup_stm32f407xx.o(.text)
    SPI2_IRQHandler                          0x080001b7   Thumb Code     0  startup_stm32f407xx.o(.text)
    SPI3_IRQHandler                          0x080001b7   Thumb Code     0  startup_stm32f407xx.o(.text)
    TAMP_STAMP_IRQHandler                    0x080001b7   Thumb Code     0  startup_stm32f407xx.o(.text)
    TIM1_BRK_TIM9_IRQHandler                 0x080001b7   Thumb Code     0  startup_stm32f407xx.o(.text)
    TIM1_CC_IRQHandler                       0x080001b7   Thumb Code     0  startup_stm32f407xx.o(.text)
    TIM1_TRG_COM_TIM11_IRQHandler            0x080001b7   Thumb Code     0  startup_stm32f407xx.o(.text)
    TIM1_UP_TIM10_IRQHandler                 0x080001b7   Thumb Code     0  startup_stm32f407xx.o(.text)
    TIM2_IRQHandler                          0x080001b7   Thumb Code     0  startup_stm32f407xx.o(.text)
    TIM3_IRQHandler                          0x080001b7   Thumb Code     0  startup_stm32f407xx.o(.text)
    TIM4_IRQHandler                          0x080001b7   Thumb Code     0  startup_stm32f407xx.o(.text)
    TIM5_IRQHandler                          0x080001b7   Thumb Code     0  startup_stm32f407xx.o(.text)
    TIM6_DAC_IRQHandler                      0x080001b7   Thumb Code     0  startup_stm32f407xx.o(.text)
    TIM7_IRQHandler                          0x080001b7   Thumb Code     0  startup_stm32f407xx.o(.text)
    TIM8_BRK_TIM12_IRQHandler                0x080001b7   Thumb Code     0  startup_stm32f407xx.o(.text)
    TIM8_CC_IRQHandler                       0x080001b7   Thumb Code     0  startup_stm32f407xx.o(.text)
    TIM8_TRG_COM_TIM14_IRQHandler            0x080001b7   Thumb Code     0  startup_stm32f407xx.o(.text)
    TIM8_UP_TIM13_IRQHandler                 0x080001b7   Thumb Code     0  startup_stm32f407xx.o(.text)
    UART4_IRQHandler                         0x080001b7   Thumb Code     0  startup_stm32f407xx.o(.text)
    UART5_IRQHandler                         0x080001b7   Thumb Code     0  startup_stm32f407xx.o(.text)
    USART1_IRQHandler                        0x080001b7   Thumb Code     0  startup_stm32f407xx.o(.text)
    USART2_IRQHandler                        0x080001b7   Thumb Code     0  startup_stm32f407xx.o(.text)
    USART3_IRQHandler                        0x080001b7   Thumb Code     0  startup_stm32f407xx.o(.text)
    USART6_IRQHandler                        0x080001b7   Thumb Code     0  startup_stm32f407xx.o(.text)
    WWDG_IRQHandler                          0x080001b7   Thumb Code     0  startup_stm32f407xx.o(.text)
    __scatterload                            0x080001c1   Thumb Code    28  init.o(.text)
    __scatterload_rt2                        0x080001c1   Thumb Code     0  init.o(.text)
    BellAlert                                0x080001e5   Thumb Code    22  main.o(i.BellAlert)
    BlockNormal                              0x08000201   Thumb Code   134  main.o(i.BlockNormal)
    CCC0IO_Init                              0x080002b5   Thumb Code   396  main.o(i.CCC0IO_Init)
    CPUxIO_Init                              0x08000461   Thumb Code   274  main.o(i.CPUxIO_Init)
    Command                                  0x080005b1   Thumb Code   348  main.o(i.Command)
    ErrorHandle                              0x0800072d   Thumb Code    12  main.o(i.ErrorHandle)
    I2C_Init                                 0x08000739   Thumb Code   158  main.o(i.I2C_Init)
    I2C_Start                                0x080007e1   Thumb Code    58  main.o(i.I2C_Start)
    I2C_Stop                                 0x08000821   Thumb Code    58  main.o(i.I2C_Stop)
    I2C_Write                                0x08000861   Thumb Code    96  main.o(i.I2C_Write)
    IdentifyBoard                            0x080008c5   Thumb Code    84  main.o(i.IdentifyBoard)
    LCD_BacklightON                          0x08000921   Thumb Code    26  main.o(i.LCD_BacklightON)
    LCD_Init                                 0x0800093b   Thumb Code    96  main.o(i.LCD_Init)
    LCD_Send_cmd                             0x0800099b   Thumb Code    60  main.o(i.LCD_Send_cmd)
    LCD_Send_data                            0x080009d7   Thumb Code    68  main.o(i.LCD_Send_data)
    LCD_Send_string_Line1                    0x08000a1d   Thumb Code   154  main.o(i.LCD_Send_string_Line1)
    LCD_Send_string_Line2                    0x08000ac1   Thumb Code   154  main.o(i.LCD_Send_string_Line2)
    LinkOK                                   0x08000b65   Thumb Code   184  main.o(i.LinkOK)
    PowerOK                                  0x08000c49   Thumb Code   102  main.o(i.PowerOK)
    Respond                                  0x08000cc9   Thumb Code   326  main.o(i.Respond)
    SPI_MasterInit                           0x08000e2d   Thumb Code   132  main.o(i.SPI_MasterInit)
    SPI_SendRecv                             0x08000ebd   Thumb Code    28  main.o(i.SPI_SendRecv)
    SPI_SlaveInit                            0x08000edd   Thumb Code   132  main.o(i.SPI_SlaveInit)
    SystemInit                               0x08000f6d   Thumb Code    92  main.o(i.SystemInit)
    UART2_Init                               0x08000fd1   Thumb Code   304  main.o(i.UART2_Init)
    __scatterload_copy                       0x08001115   Thumb Code    14  handlers.o(i.__scatterload_copy)
    __scatterload_null                       0x08001123   Thumb Code     2  handlers.o(i.__scatterload_null)
    __scatterload_zeroinit                   0x08001125   Thumb Code    14  handlers.o(i.__scatterload_zeroinit)
    mSec                                     0x08001133   Thumb Code    18  main.o(i.mSec)
    main                                     0x08001145   Thumb Code  2868  main.o(i.main)
    statusGPIO                               0x08001c79   Thumb Code   346  main.o(i.statusGPIO)
    twoOOthree                               0x08001de9   Thumb Code    32  main.o(i.twoOOthree)
    uSec                                     0x08001e09   Thumb Code    12  main.o(i.uSec)
    usart_recv_blocking                      0x08001e15   Thumb Code    20  main.o(i.usart_recv_blocking)
    usart_send_blocking                      0x08001e2d   Thumb Code    20  main.o(i.usart_send_blocking)
    Region$$Table$$Base                      0x08001e44   Number         0  anon$$obj.o(Region$$Table)
    Region$$Table$$Limit                     0x08001e64   Number         0  anon$$obj.o(Region$$Table)
    INP_RELAY                                0x20000000   Data           1  main.o(.data)
    OTP_RELAY                                0x20000001   Data           1  main.o(.data)
    boardName                                0x20000002   Data           1  main.o(.data)
    status                                   0x20000003   Data           1  main.o(.data)
    inp_status                               0x20000004   Data           1  main.o(.data)
    otp_status                               0x20000005   Data           1  main.o(.data)
    com_status                               0x20000006   Data           1  main.o(.data)
    mode                                     0x20000007   Data           1  main.o(.data)
    rx                                       0x20000008   Data           1  main.o(.data)
    relayStatus1                             0x2000000c   Data           4  main.o(.data)
    relayStatus2                             0x20000010   Data           4  main.o(.data)
    relayStatus3                             0x20000014   Data           4  main.o(.data)
    relayStatus                              0x20000018   Data           4  main.o(.data)
    temp                                     0x2000001c   Data           4  main.o(.data)
    i                                        0x20000020   Data           4  main.o(.data)
    time                                     0x20000024   Data           4  main.o(.data)
    LCD_MSG                                  0x20000028   Data          16  main.o(.data)
    __initial_sp                             0x20000438   Data           0  startup_stm32f407xx.o(STACK)



==============================================================================

Memory Map of the image

  Image Entry point : 0x08000189

  Load Region LR_IROM1 (Base: 0x08000000, Size: 0x00001e9c, Max: 0x00100000, ABSOLUTE)

    Execution Region ER_IROM1 (Base: 0x08000000, Size: 0x00001e64, Max: 0x00100000, ABSOLUTE)

    Base Addr    Size         Type   Attr      Idx    E Section Name        Object

    0x08000000   0x00000188   Data   RO            3    RESET               startup_stm32f407xx.o
    0x08000188   0x00000000   Code   RO          300  * .ARM.Collect$$$$00000000  mc_w.l(entry.o)
    0x08000188   0x00000004   Code   RO          303    .ARM.Collect$$$$00000001  mc_w.l(entry2.o)
    0x0800018c   0x00000004   Code   RO          306    .ARM.Collect$$$$00000004  mc_w.l(entry5.o)
    0x08000190   0x00000000   Code   RO          308    .ARM.Collect$$$$00000008  mc_w.l(entry7b.o)
    0x08000190   0x00000000   Code   RO          310    .ARM.Collect$$$$0000000A  mc_w.l(entry8b.o)
    0x08000190   0x00000008   Code   RO          311    .ARM.Collect$$$$0000000B  mc_w.l(entry9a.o)
    0x08000198   0x00000000   Code   RO          313    .ARM.Collect$$$$0000000D  mc_w.l(entry10a.o)
    0x08000198   0x00000000   Code   RO          315    .ARM.Collect$$$$0000000F  mc_w.l(entry11a.o)
    0x08000198   0x00000004   Code   RO          304    .ARM.Collect$$$$00002712  mc_w.l(entry2.o)
    0x0800019c   0x00000024   Code   RO            4    .text               startup_stm32f407xx.o
    0x080001c0   0x00000024   Code   RO          317    .text               mc_w.l(init.o)
    0x080001e4   0x0000001c   Code   RO           10    i.BellAlert         main.o
    0x08000200   0x000000b4   Code   RO           11    i.BlockNormal       main.o
    0x080002b4   0x000001ac   Code   RO           12    i.CCC0IO_Init       main.o
    0x08000460   0x00000150   Code   RO           13    i.CPUxIO_Init       main.o
    0x080005b0   0x0000017c   Code   RO           14    i.Command           main.o
    0x0800072c   0x0000000c   Code   RO           16    i.ErrorHandle       main.o
    0x08000738   0x000000a8   Code   RO           17    i.I2C_Init          main.o
    0x080007e0   0x00000040   Code   RO           18    i.I2C_Start         main.o
    0x08000820   0x00000040   Code   RO           19    i.I2C_Stop          main.o
    0x08000860   0x00000064   Code   RO           20    i.I2C_Write         main.o
    0x080008c4   0x0000005c   Code   RO           21    i.IdentifyBoard     main.o
    0x08000920   0x0000001a   Code   RO           23    i.LCD_BacklightON   main.o
    0x0800093a   0x00000060   Code   RO           25    i.LCD_Init          main.o
    0x0800099a   0x0000003c   Code   RO           26    i.LCD_Send_cmd      main.o
    0x080009d6   0x00000044   Code   RO           27    i.LCD_Send_data     main.o
    0x08000a1a   0x00000002   PAD
    0x08000a1c   0x000000a4   Code   RO           29    i.LCD_Send_string_Line1  main.o
    0x08000ac0   0x000000a4   Code   RO           30    i.LCD_Send_string_Line2  main.o
    0x08000b64   0x000000e4   Code   RO           31    i.LinkOK            main.o
    0x08000c48   0x00000080   Code   RO           32    i.PowerOK           main.o
    0x08000cc8   0x00000164   Code   RO           33    i.Respond           main.o
    0x08000e2c   0x00000090   Code   RO           35    i.SPI_MasterInit    main.o
    0x08000ebc   0x00000020   Code   RO           36    i.SPI_SendRecv      main.o
    0x08000edc   0x00000090   Code   RO           38    i.SPI_SlaveInit     main.o
    0x08000f6c   0x00000064   Code   RO           39    i.SystemInit        main.o
    0x08000fd0   0x00000144   Code   RO           40    i.UART2_Init        main.o
    0x08001114   0x0000000e   Code   RO          321    i.__scatterload_copy  mc_w.l(handlers.o)
    0x08001122   0x00000002   Code   RO          322    i.__scatterload_null  mc_w.l(handlers.o)
    0x08001124   0x0000000e   Code   RO          323    i.__scatterload_zeroinit  mc_w.l(handlers.o)
    0x08001132   0x00000012   Code   RO           42    i.mSec              main.o
    0x08001144   0x00000b34   Code   RO           43    i.main              main.o
    0x08001c78   0x00000170   Code   RO           44    i.statusGPIO        main.o
    0x08001de8   0x00000020   Code   RO           46    i.twoOOthree        main.o
    0x08001e08   0x0000000c   Code   RO           48    i.uSec              main.o
    0x08001e14   0x00000018   Code   RO           49    i.usart_recv_blocking  main.o
    0x08001e2c   0x00000018   Code   RO           50    i.usart_send_blocking  main.o
    0x08001e44   0x00000020   Data   RO          319    Region$$Table       anon$$obj.o


    Execution Region RW_IRAM1 (Base: 0x20000000, Size: 0x00000438, Max: 0x00020000, ABSOLUTE)

    Base Addr    Size         Type   Attr      Idx    E Section Name        Object

    0x20000000   0x00000038   Data   RW           86    .data               main.o
    0x20000038   0x00000400   Zero   RW            1    STACK               startup_stm32f407xx.o


==============================================================================

Image component sizes


      Code (inc. data)   RO Data    RW Data    ZI Data      Debug   Object Name

      7232        930          0         56          0      32355   main.o
        36          8        392          0       1024        816   startup_stm32f407xx.o

    ----------------------------------------------------------------------
      7270        938        424         56       1024      33171   Object Totals
         0          0         32          0          0          0   (incl. Generated)
         2          0          0          0          0          0   (incl. Padding)

    ----------------------------------------------------------------------

      Code (inc. data)   RO Data    RW Data    ZI Data      Debug   Library Member Name

         0          0          0          0          0          0   entry.o
         0          0          0          0          0          0   entry10a.o
         0          0          0          0          0          0   entry11a.o
         8          4          0          0          0          0   entry2.o
         4          0          0          0          0          0   entry5.o
         0          0          0          0          0          0   entry7b.o
         0          0          0          0          0          0   entry8b.o
         8          4          0          0          0          0   entry9a.o
        30          0          0          0          0          0   handlers.o
        36          8          0          0          0         68   init.o

    ----------------------------------------------------------------------
        86         16          0          0          0         68   Library Totals
         0          0          0          0          0          0   (incl. Padding)

    ----------------------------------------------------------------------

      Code (inc. data)   RO Data    RW Data    ZI Data      Debug   Library Name

        86         16          0          0          0         68   mc_w.l

    ----------------------------------------------------------------------
        86         16          0          0          0         68   Library Totals

    ----------------------------------------------------------------------

==============================================================================


      Code (inc. data)   RO Data    RW Data    ZI Data      Debug   

      7356        954        424         56       1024      30743   Grand Totals
      7356        954        424         56       1024      30743   ELF Image Totals
      7356        954        424         56          0          0   ROM Totals

==============================================================================

    Total RO  Size (Code + RO Data)                 7780 (   7.60kB)
    Total RW  Size (RW Data + ZI Data)              1080 (   1.05kB)
    Total ROM Size (Code + RO Data + RW Data)       7836 (   7.65kB)

==============================================================================

