<html>
<body>
<pre>
<h1>µVision Build Log</h1>
<h2>Tool Versions:</h2>
IDE-Version: µVision V5.21.1.0
Copyright (C) 2016 ARM Ltd and ARM Germany GmbH. All rights reserved.
License Information: nkd d, hari, LIC=----
 
Tool Versions:
Toolchain:       MDK-Lite  Version: 5.21a
Toolchain Path:  C:\Keil_v5\ARM\ARMCC\Bin
C Compiler:      Armcc.exe V5.06 update 3 (build 300)
Assembler:       Armasm.exe V5.06 update 3 (build 300)
Linker/Locator:  ArmLink.exe V5.06 update 3 (build 300)
Library Manager: ArmAr.exe V5.06 update 3 (build 300)
Hex Converter:   FromElf.exe V5.06 update 3 (build 300)
CPU DLL:         SARMCM3.DLL V5.21a
Dialog DLL:      DCM.DLL V1.13.8.0
Target DLL:      STLink\ST-LINKIII-KEIL_SWO.dll V2.0.18.0
Dialog DLL:      TCM.DLL V1.14.14.0
 
<h2>Project:</h2>
E:\BareMetal_10\MDK-ARM\BareMetal_10.uvprojx
Project File Date:  03/03/2020

<h2>Output:</h2>
*** Using Compiler 'V5.06 update 3 (build 300)', folder: 'C:\Keil_v5\ARM\ARMCC\Bin'
Build target 'BareMetal_10'
assembling startup_stm32f407xx.s...
compiling main.c...
../Src/main.c(754): warning:  #128-D: loop is not reachable
                                while(1);
../Src/main.c(777): warning:  #128-D: loop is not reachable
                         while(1);
../Src/main.c(801): warning:  #128-D: loop is not reachable
                 while(1);
../Src/main.c(810): warning:  #128-D: loop is not reachable
  while (1);
../Src/main.c(904): warning:  #550-D: variable "inB" was set but never used
        uint8_t inB =0x00;
../Src/main.c(906): warning:  #550-D: variable "fbB" was set but never used
        uint8_t fbB =0x00;
../Src/main.c(1851): warning:  #550-D: variable "inB" was set but never used
        uint8_t inB =0x00;
../Src/main.c(1853): warning:  #550-D: variable "fbB" was set but never used
        uint8_t fbB =0x00;
../Src/main.c: 8 warnings, 0 errors
linking...
Program Size: Code=7356 RO-data=424 RW-data=56 ZI-data=1024  
FromELF: creating hex file...
"BareMetal_10\BareMetal_10.axf" - 0 Error(s), 8 Warning(s).

<h2>Software Packages used:</h2>

Package Vendor: ARM
                http://www.keil.com/pack/ARM.CMSIS.4.5.0.pack
                ARM::CMSIS:CORE:4.3.0
                CMSIS (Cortex Microcontroller Software Interface Standard)
   * Component: CORE Version: 4.3.0

<h2>Collection of Component include folders:</h2>
  E:\BareMetal_10\MDK-ARM\RTE
  C:\Keil_v5\ARM\PACK\ARM\CMSIS\4.5.0\CMSIS\Include
  C:\Keil_v5\ARM\PACK\Keil\STM32F4xx_DFP\2.14.0\Drivers\CMSIS\Device\ST\STM32F4xx\Include

<h2>Collection of Component Files used:</h2>

   * Component: ARM::CMSIS:CORE:4.3.0
Build Time Elapsed:  00:00:07
</pre>
</body>
</html>
